[2026-01-07 13:29:15,772: INFO: main: ==================== Data Ingestion Stage Started ====================]
[2026-01-07 13:29:15,772: INFO: data_ingestion_pipeline: >>>>>>>>>>>>>>>>>>>>>>>>>>>>>>>>>>>>>>>> Data Ingestion Stage <<<<<<<<<<<<<<<<<<<<<<<<<<<<<<<<<<<<<<<<]
[2026-01-07 13:29:15,773: INFO: common: YAML file : config\config.yaml loaded successfully]
[2026-01-07 13:29:15,773: INFO: common: YAML file : params.yaml loaded successfully]
[2026-01-07 13:29:15,774: INFO: common: YAML file : schema.yaml loaded successfully]
[2026-01-07 13:29:15,777: INFO: common: Created directory at: artifacts]
[2026-01-07 13:29:15,777: INFO: common: Created directory at: artifacts/data_ingestion]
[2026-01-07 13:29:16,816: INFO: data_ingestion: File : artifacts/data_ingestion/data.zip downloaded with following info: 
Connection: close
Content-Length: 23329
Cache-Control: max-age=300
Content-Security-Policy: default-src 'none'; style-src 'unsafe-inline'; sandbox
Content-Type: application/zip
ETag: "c69888a4ae59bc5a893392785a938ccd4937981c06ba8a9d6a21aa52b4ab5b6e"
Strict-Transport-Security: max-age=31536000
X-Content-Type-Options: nosniff
X-Frame-Options: deny
X-XSS-Protection: 1; mode=block
X-GitHub-Request-Id: D373:76F63:96F72:198B45:695E1251
Accept-Ranges: bytes
Date: Wed, 07 Jan 2026 07:59:16 GMT
Via: 1.1 varnish
X-Served-By: cache-bom-vanm7210087-BOM
X-Cache: MISS
X-Cache-Hits: 0
X-Timer: S1767772757.617376,VS0,VE246
Vary: Authorization,Accept-Encoding
Access-Control-Allow-Origin: *
Cross-Origin-Resource-Policy: cross-origin
X-Fastly-Request-ID: 619903937daf5b852cbdca3f5b6e89cda7ac2fb9
Expires: Wed, 07 Jan 2026 08:04:16 GMT
Source-Age: 0

]
[2026-01-07 13:29:16,866: INFO: data_ingestion: File extracted to artifacts/data_ingestion successfully]
[2026-01-07 13:29:16,867: INFO: data_ingestion_pipeline: >>>>>>>>>>>>>>>>>>>>>>>>>>>>>>>>>>>>>>>> Data Ingestion Stage Completed <<<<<<<<<<<<<<<<<<<<<<<<<<<<<<<<<<<<<<<<]
[2026-01-07 13:29:16,867: INFO: main: ==================== Data Ingestion Stage Completed ====================]
[2026-01-07 16:40:29,379: INFO: main: ==================== Data Ingestion Stage Started ====================]
[2026-01-07 16:40:29,380: INFO: data_ingestion_pipeline: >>>>>>>>>>>>>>>>>>>>>>>>>>>>>>>>>>>>>>>> Data Ingestion Stage <<<<<<<<<<<<<<<<<<<<<<<<<<<<<<<<<<<<<<<<]
[2026-01-07 16:40:29,383: INFO: common: YAML file : config\config.yaml loaded successfully]
[2026-01-07 16:40:29,388: INFO: common: YAML file : params.yaml loaded successfully]
[2026-01-07 16:40:29,389: INFO: common: YAML file : schema.yaml loaded successfully]
[2026-01-07 16:40:29,390: INFO: common: Created directory at: artifacts]
[2026-01-07 16:40:29,390: INFO: common: Created directory at: artifacts/data_ingestion]
[2026-01-07 16:40:29,390: INFO: data_ingestion: File already exists of size: 23329 bytes]
[2026-01-07 16:40:29,396: INFO: data_ingestion: File extracted to artifacts/data_ingestion successfully]
[2026-01-07 16:40:29,396: INFO: data_ingestion_pipeline: >>>>>>>>>>>>>>>>>>>>>>>>>>>>>>>>>>>>>>>> Data Ingestion Stage Completed <<<<<<<<<<<<<<<<<<<<<<<<<<<<<<<<<<<<<<<<]
[2026-01-07 16:40:29,397: INFO: main: ==================== Data Ingestion Stage Completed ====================]
[2026-01-07 16:40:29,397: INFO: main: ==================== Data Validation Stage Started ====================]
[2026-01-07 16:40:29,397: INFO: data_validation_pipeline: >>>>>>>>>>>>>>>>>>>>>>>>>>>>>>>>>>>>>>>> Data Validation Stage <<<<<<<<<<<<<<<<<<<<<<<<<<<<<<<<<<<<<<<<]
[2026-01-07 16:40:29,398: INFO: common: YAML file : config\config.yaml loaded successfully]
[2026-01-07 16:40:29,399: INFO: common: YAML file : params.yaml loaded successfully]
[2026-01-07 16:40:29,403: INFO: common: YAML file : schema.yaml loaded successfully]
[2026-01-07 16:40:29,404: INFO: common: Created directory at: artifacts]
[2026-01-07 16:40:29,404: ERROR: data_validation_pipeline: "'ConfigBox' object has no attribute 'coulmns'"]
Traceback (most recent call last):
  File "box\\box.py", line 594, in box.box.Box.__getitem__
KeyError: 'COULMNS'

The above exception was the direct cause of the following exception:

Traceback (most recent call last):
  File "box\\box.py", line 633, in box.box.Box.__getattr__
  File "box\\box.py", line 621, in box.box.Box.__getitem__
box.exceptions.BoxKeyError: "'COULMNS'"

During handling of the above exception, another exception occurred:

Traceback (most recent call last):
  File "box\\box.py", line 635, in box.box.Box.__getattr__
AttributeError: 'ConfigBox' object has no attribute 'COULMNS'

The above exception was the direct cause of the following exception:

Traceback (most recent call last):
  File "box\\config_box.py", line 29, in box.config_box.ConfigBox.__getattr__
  File "box\\box.py", line 649, in box.box.Box.__getattr__
box.exceptions.BoxKeyError: "'ConfigBox' object has no attribute 'COULMNS'"

During handling of the above exception, another exception occurred:

Traceback (most recent call last):
  File "box\\box.py", line 594, in box.box.Box.__getitem__
KeyError: 'coulmns'

The above exception was the direct cause of the following exception:

Traceback (most recent call last):
  File "box\\box.py", line 633, in box.box.Box.__getattr__
  File "box\\box.py", line 621, in box.box.Box.__getitem__
box.exceptions.BoxKeyError: "'coulmns'"

During handling of the above exception, another exception occurred:

Traceback (most recent call last):
  File "box\\box.py", line 635, in box.box.Box.__getattr__
AttributeError: 'ConfigBox' object has no attribute 'coulmns'

The above exception was the direct cause of the following exception:

Traceback (most recent call last):
  File "E:\mlops-projects\datascience-project\src\datascience\pipeline\data_validation_pipeline.py", line 15, in Initiate_data_validation
    data_validation_config= config.get_data_validation_config()
                            ^^^^^^^^^^^^^^^^^^^^^^^^^^^^^^^^^^^
  File "E:\mlops-projects\datascience-project\src\datascience\config\configuration.py", line 31, in get_data_validation_config
    schema=self.schema.COULMNS
           ^^^^^^^^^^^^^^^^^^^
  File "box\\config_box.py", line 31, in box.config_box.ConfigBox.__getattr__
  File "box\\box.py", line 649, in box.box.Box.__getattr__
box.exceptions.BoxKeyError: "'ConfigBox' object has no attribute 'coulmns'"
[2026-01-07 16:40:29,407: ERROR: main: "'ConfigBox' object has no attribute 'coulmns'"]
Traceback (most recent call last):
  File "box\\box.py", line 594, in box.box.Box.__getitem__
KeyError: 'COULMNS'

The above exception was the direct cause of the following exception:

Traceback (most recent call last):
  File "box\\box.py", line 633, in box.box.Box.__getattr__
  File "box\\box.py", line 621, in box.box.Box.__getitem__
box.exceptions.BoxKeyError: "'COULMNS'"

During handling of the above exception, another exception occurred:

Traceback (most recent call last):
  File "box\\box.py", line 635, in box.box.Box.__getattr__
AttributeError: 'ConfigBox' object has no attribute 'COULMNS'

The above exception was the direct cause of the following exception:

Traceback (most recent call last):
  File "box\\config_box.py", line 29, in box.config_box.ConfigBox.__getattr__
  File "box\\box.py", line 649, in box.box.Box.__getattr__
box.exceptions.BoxKeyError: "'ConfigBox' object has no attribute 'COULMNS'"

During handling of the above exception, another exception occurred:

Traceback (most recent call last):
  File "box\\box.py", line 594, in box.box.Box.__getitem__
KeyError: 'coulmns'

The above exception was the direct cause of the following exception:

Traceback (most recent call last):
  File "box\\box.py", line 633, in box.box.Box.__getattr__
  File "box\\box.py", line 621, in box.box.Box.__getitem__
box.exceptions.BoxKeyError: "'coulmns'"

During handling of the above exception, another exception occurred:

Traceback (most recent call last):
  File "box\\box.py", line 635, in box.box.Box.__getattr__
AttributeError: 'ConfigBox' object has no attribute 'coulmns'

The above exception was the direct cause of the following exception:

Traceback (most recent call last):
  File "E:\mlops-projects\datascience-project\main.py", line 21, in <module>
    data_validation.Initiate_data_validation()
  File "E:\mlops-projects\datascience-project\src\datascience\pipeline\data_validation_pipeline.py", line 25, in Initiate_data_validation
    raise e
  File "E:\mlops-projects\datascience-project\src\datascience\pipeline\data_validation_pipeline.py", line 15, in Initiate_data_validation
    data_validation_config= config.get_data_validation_config()
                            ^^^^^^^^^^^^^^^^^^^^^^^^^^^^^^^^^^^
  File "E:\mlops-projects\datascience-project\src\datascience\config\configuration.py", line 31, in get_data_validation_config
    schema=self.schema.COULMNS
           ^^^^^^^^^^^^^^^^^^^
  File "box\\config_box.py", line 31, in box.config_box.ConfigBox.__getattr__
  File "box\\box.py", line 649, in box.box.Box.__getattr__
box.exceptions.BoxKeyError: "'ConfigBox' object has no attribute 'coulmns'"
[2026-01-07 16:41:56,246: INFO: main: ==================== Data Ingestion Stage Started ====================]
[2026-01-07 16:41:56,247: INFO: data_ingestion_pipeline: >>>>>>>>>>>>>>>>>>>>>>>>>>>>>>>>>>>>>>>> Data Ingestion Stage <<<<<<<<<<<<<<<<<<<<<<<<<<<<<<<<<<<<<<<<]
[2026-01-07 16:41:56,248: INFO: common: YAML file : config\config.yaml loaded successfully]
[2026-01-07 16:41:56,248: INFO: common: YAML file : params.yaml loaded successfully]
[2026-01-07 16:41:56,249: INFO: common: YAML file : schema.yaml loaded successfully]
[2026-01-07 16:41:56,250: INFO: common: Created directory at: artifacts]
[2026-01-07 16:41:56,250: INFO: common: Created directory at: artifacts/data_ingestion]
[2026-01-07 16:41:56,250: INFO: data_ingestion: File already exists of size: 23329 bytes]
[2026-01-07 16:41:56,252: INFO: data_ingestion: File extracted to artifacts/data_ingestion successfully]
[2026-01-07 16:41:56,252: INFO: data_ingestion_pipeline: >>>>>>>>>>>>>>>>>>>>>>>>>>>>>>>>>>>>>>>> Data Ingestion Stage Completed <<<<<<<<<<<<<<<<<<<<<<<<<<<<<<<<<<<<<<<<]
[2026-01-07 16:41:56,252: INFO: main: ==================== Data Ingestion Stage Completed ====================]
[2026-01-07 16:41:56,252: INFO: main: ==================== Data Validation Stage Started ====================]
[2026-01-07 16:41:56,252: INFO: data_validation_pipeline: >>>>>>>>>>>>>>>>>>>>>>>>>>>>>>>>>>>>>>>> Data Validation Stage <<<<<<<<<<<<<<<<<<<<<<<<<<<<<<<<<<<<<<<<]
[2026-01-07 16:41:56,253: INFO: common: YAML file : config\config.yaml loaded successfully]
[2026-01-07 16:41:56,254: INFO: common: YAML file : params.yaml loaded successfully]
[2026-01-07 16:41:56,255: INFO: common: YAML file : schema.yaml loaded successfully]
[2026-01-07 16:41:56,256: INFO: common: Created directory at: artifacts]
[2026-01-07 16:41:56,256: INFO: common: Created directory at: artifacts/data_validation]
[2026-01-07 16:41:56,300: INFO: data_validation_pipeline: >>>>>>>>>>>>>>>>>>>>>>>>>>>>>>>>>>>>>>>> Data Validation Stage Completed <<<<<<<<<<<<<<<<<<<<<<<<<<<<<<<<<<<<<<<<]
[2026-01-07 16:41:56,300: INFO: main: ==================== Data Validation Stage Completed ====================]
