[2026-01-07 13:29:15,772: INFO: main: ==================== Data Ingestion Stage Started ====================]
[2026-01-07 13:29:15,772: INFO: data_ingestion_pipeline: >>>>>>>>>>>>>>>>>>>>>>>>>>>>>>>>>>>>>>>> Data Ingestion Stage <<<<<<<<<<<<<<<<<<<<<<<<<<<<<<<<<<<<<<<<]
[2026-01-07 13:29:15,773: INFO: common: YAML file : config\config.yaml loaded successfully]
[2026-01-07 13:29:15,773: INFO: common: YAML file : params.yaml loaded successfully]
[2026-01-07 13:29:15,774: INFO: common: YAML file : schema.yaml loaded successfully]
[2026-01-07 13:29:15,777: INFO: common: Created directory at: artifacts]
[2026-01-07 13:29:15,777: INFO: common: Created directory at: artifacts/data_ingestion]
[2026-01-07 13:29:16,816: INFO: data_ingestion: File : artifacts/data_ingestion/data.zip downloaded with following info: 
Connection: close
Content-Length: 23329
Cache-Control: max-age=300
Content-Security-Policy: default-src 'none'; style-src 'unsafe-inline'; sandbox
Content-Type: application/zip
ETag: "c69888a4ae59bc5a893392785a938ccd4937981c06ba8a9d6a21aa52b4ab5b6e"
Strict-Transport-Security: max-age=31536000
X-Content-Type-Options: nosniff
X-Frame-Options: deny
X-XSS-Protection: 1; mode=block
X-GitHub-Request-Id: D373:76F63:96F72:198B45:695E1251
Accept-Ranges: bytes
Date: Wed, 07 Jan 2026 07:59:16 GMT
Via: 1.1 varnish
X-Served-By: cache-bom-vanm7210087-BOM
X-Cache: MISS
X-Cache-Hits: 0
X-Timer: S1767772757.617376,VS0,VE246
Vary: Authorization,Accept-Encoding
Access-Control-Allow-Origin: *
Cross-Origin-Resource-Policy: cross-origin
X-Fastly-Request-ID: 619903937daf5b852cbdca3f5b6e89cda7ac2fb9
Expires: Wed, 07 Jan 2026 08:04:16 GMT
Source-Age: 0

]
[2026-01-07 13:29:16,866: INFO: data_ingestion: File extracted to artifacts/data_ingestion successfully]
[2026-01-07 13:29:16,867: INFO: data_ingestion_pipeline: >>>>>>>>>>>>>>>>>>>>>>>>>>>>>>>>>>>>>>>> Data Ingestion Stage Completed <<<<<<<<<<<<<<<<<<<<<<<<<<<<<<<<<<<<<<<<]
[2026-01-07 13:29:16,867: INFO: main: ==================== Data Ingestion Stage Completed ====================]
[2026-01-07 16:40:29,379: INFO: main: ==================== Data Ingestion Stage Started ====================]
[2026-01-07 16:40:29,380: INFO: data_ingestion_pipeline: >>>>>>>>>>>>>>>>>>>>>>>>>>>>>>>>>>>>>>>> Data Ingestion Stage <<<<<<<<<<<<<<<<<<<<<<<<<<<<<<<<<<<<<<<<]
[2026-01-07 16:40:29,383: INFO: common: YAML file : config\config.yaml loaded successfully]
[2026-01-07 16:40:29,388: INFO: common: YAML file : params.yaml loaded successfully]
[2026-01-07 16:40:29,389: INFO: common: YAML file : schema.yaml loaded successfully]
[2026-01-07 16:40:29,390: INFO: common: Created directory at: artifacts]
[2026-01-07 16:40:29,390: INFO: common: Created directory at: artifacts/data_ingestion]
[2026-01-07 16:40:29,390: INFO: data_ingestion: File already exists of size: 23329 bytes]
[2026-01-07 16:40:29,396: INFO: data_ingestion: File extracted to artifacts/data_ingestion successfully]
[2026-01-07 16:40:29,396: INFO: data_ingestion_pipeline: >>>>>>>>>>>>>>>>>>>>>>>>>>>>>>>>>>>>>>>> Data Ingestion Stage Completed <<<<<<<<<<<<<<<<<<<<<<<<<<<<<<<<<<<<<<<<]
[2026-01-07 16:40:29,397: INFO: main: ==================== Data Ingestion Stage Completed ====================]
[2026-01-07 16:40:29,397: INFO: main: ==================== Data Validation Stage Started ====================]
[2026-01-07 16:40:29,397: INFO: data_validation_pipeline: >>>>>>>>>>>>>>>>>>>>>>>>>>>>>>>>>>>>>>>> Data Validation Stage <<<<<<<<<<<<<<<<<<<<<<<<<<<<<<<<<<<<<<<<]
[2026-01-07 16:40:29,398: INFO: common: YAML file : config\config.yaml loaded successfully]
[2026-01-07 16:40:29,399: INFO: common: YAML file : params.yaml loaded successfully]
[2026-01-07 16:40:29,403: INFO: common: YAML file : schema.yaml loaded successfully]
[2026-01-07 16:40:29,404: INFO: common: Created directory at: artifacts]
[2026-01-07 16:40:29,404: ERROR: data_validation_pipeline: "'ConfigBox' object has no attribute 'coulmns'"]
Traceback (most recent call last):
  File "box\\box.py", line 594, in box.box.Box.__getitem__
KeyError: 'COULMNS'

The above exception was the direct cause of the following exception:

Traceback (most recent call last):
  File "box\\box.py", line 633, in box.box.Box.__getattr__
  File "box\\box.py", line 621, in box.box.Box.__getitem__
box.exceptions.BoxKeyError: "'COULMNS'"

During handling of the above exception, another exception occurred:

Traceback (most recent call last):
  File "box\\box.py", line 635, in box.box.Box.__getattr__
AttributeError: 'ConfigBox' object has no attribute 'COULMNS'

The above exception was the direct cause of the following exception:

Traceback (most recent call last):
  File "box\\config_box.py", line 29, in box.config_box.ConfigBox.__getattr__
  File "box\\box.py", line 649, in box.box.Box.__getattr__
box.exceptions.BoxKeyError: "'ConfigBox' object has no attribute 'COULMNS'"

During handling of the above exception, another exception occurred:

Traceback (most recent call last):
  File "box\\box.py", line 594, in box.box.Box.__getitem__
KeyError: 'coulmns'

The above exception was the direct cause of the following exception:

Traceback (most recent call last):
  File "box\\box.py", line 633, in box.box.Box.__getattr__
  File "box\\box.py", line 621, in box.box.Box.__getitem__
box.exceptions.BoxKeyError: "'coulmns'"

During handling of the above exception, another exception occurred:

Traceback (most recent call last):
  File "box\\box.py", line 635, in box.box.Box.__getattr__
AttributeError: 'ConfigBox' object has no attribute 'coulmns'

The above exception was the direct cause of the following exception:

Traceback (most recent call last):
  File "E:\mlops-projects\datascience-project\src\datascience\pipeline\data_validation_pipeline.py", line 15, in Initiate_data_validation
    data_validation_config= config.get_data_validation_config()
                            ^^^^^^^^^^^^^^^^^^^^^^^^^^^^^^^^^^^
  File "E:\mlops-projects\datascience-project\src\datascience\config\configuration.py", line 31, in get_data_validation_config
    schema=self.schema.COULMNS
           ^^^^^^^^^^^^^^^^^^^
  File "box\\config_box.py", line 31, in box.config_box.ConfigBox.__getattr__
  File "box\\box.py", line 649, in box.box.Box.__getattr__
box.exceptions.BoxKeyError: "'ConfigBox' object has no attribute 'coulmns'"
[2026-01-07 16:40:29,407: ERROR: main: "'ConfigBox' object has no attribute 'coulmns'"]
Traceback (most recent call last):
  File "box\\box.py", line 594, in box.box.Box.__getitem__
KeyError: 'COULMNS'

The above exception was the direct cause of the following exception:

Traceback (most recent call last):
  File "box\\box.py", line 633, in box.box.Box.__getattr__
  File "box\\box.py", line 621, in box.box.Box.__getitem__
box.exceptions.BoxKeyError: "'COULMNS'"

During handling of the above exception, another exception occurred:

Traceback (most recent call last):
  File "box\\box.py", line 635, in box.box.Box.__getattr__
AttributeError: 'ConfigBox' object has no attribute 'COULMNS'

The above exception was the direct cause of the following exception:

Traceback (most recent call last):
  File "box\\config_box.py", line 29, in box.config_box.ConfigBox.__getattr__
  File "box\\box.py", line 649, in box.box.Box.__getattr__
box.exceptions.BoxKeyError: "'ConfigBox' object has no attribute 'COULMNS'"

During handling of the above exception, another exception occurred:

Traceback (most recent call last):
  File "box\\box.py", line 594, in box.box.Box.__getitem__
KeyError: 'coulmns'

The above exception was the direct cause of the following exception:

Traceback (most recent call last):
  File "box\\box.py", line 633, in box.box.Box.__getattr__
  File "box\\box.py", line 621, in box.box.Box.__getitem__
box.exceptions.BoxKeyError: "'coulmns'"

During handling of the above exception, another exception occurred:

Traceback (most recent call last):
  File "box\\box.py", line 635, in box.box.Box.__getattr__
AttributeError: 'ConfigBox' object has no attribute 'coulmns'

The above exception was the direct cause of the following exception:

Traceback (most recent call last):
  File "E:\mlops-projects\datascience-project\main.py", line 21, in <module>
    data_validation.Initiate_data_validation()
  File "E:\mlops-projects\datascience-project\src\datascience\pipeline\data_validation_pipeline.py", line 25, in Initiate_data_validation
    raise e
  File "E:\mlops-projects\datascience-project\src\datascience\pipeline\data_validation_pipeline.py", line 15, in Initiate_data_validation
    data_validation_config= config.get_data_validation_config()
                            ^^^^^^^^^^^^^^^^^^^^^^^^^^^^^^^^^^^
  File "E:\mlops-projects\datascience-project\src\datascience\config\configuration.py", line 31, in get_data_validation_config
    schema=self.schema.COULMNS
           ^^^^^^^^^^^^^^^^^^^
  File "box\\config_box.py", line 31, in box.config_box.ConfigBox.__getattr__
  File "box\\box.py", line 649, in box.box.Box.__getattr__
box.exceptions.BoxKeyError: "'ConfigBox' object has no attribute 'coulmns'"
[2026-01-07 16:41:56,246: INFO: main: ==================== Data Ingestion Stage Started ====================]
[2026-01-07 16:41:56,247: INFO: data_ingestion_pipeline: >>>>>>>>>>>>>>>>>>>>>>>>>>>>>>>>>>>>>>>> Data Ingestion Stage <<<<<<<<<<<<<<<<<<<<<<<<<<<<<<<<<<<<<<<<]
[2026-01-07 16:41:56,248: INFO: common: YAML file : config\config.yaml loaded successfully]
[2026-01-07 16:41:56,248: INFO: common: YAML file : params.yaml loaded successfully]
[2026-01-07 16:41:56,249: INFO: common: YAML file : schema.yaml loaded successfully]
[2026-01-07 16:41:56,250: INFO: common: Created directory at: artifacts]
[2026-01-07 16:41:56,250: INFO: common: Created directory at: artifacts/data_ingestion]
[2026-01-07 16:41:56,250: INFO: data_ingestion: File already exists of size: 23329 bytes]
[2026-01-07 16:41:56,252: INFO: data_ingestion: File extracted to artifacts/data_ingestion successfully]
[2026-01-07 16:41:56,252: INFO: data_ingestion_pipeline: >>>>>>>>>>>>>>>>>>>>>>>>>>>>>>>>>>>>>>>> Data Ingestion Stage Completed <<<<<<<<<<<<<<<<<<<<<<<<<<<<<<<<<<<<<<<<]
[2026-01-07 16:41:56,252: INFO: main: ==================== Data Ingestion Stage Completed ====================]
[2026-01-07 16:41:56,252: INFO: main: ==================== Data Validation Stage Started ====================]
[2026-01-07 16:41:56,252: INFO: data_validation_pipeline: >>>>>>>>>>>>>>>>>>>>>>>>>>>>>>>>>>>>>>>> Data Validation Stage <<<<<<<<<<<<<<<<<<<<<<<<<<<<<<<<<<<<<<<<]
[2026-01-07 16:41:56,253: INFO: common: YAML file : config\config.yaml loaded successfully]
[2026-01-07 16:41:56,254: INFO: common: YAML file : params.yaml loaded successfully]
[2026-01-07 16:41:56,255: INFO: common: YAML file : schema.yaml loaded successfully]
[2026-01-07 16:41:56,256: INFO: common: Created directory at: artifacts]
[2026-01-07 16:41:56,256: INFO: common: Created directory at: artifacts/data_validation]
[2026-01-07 16:41:56,300: INFO: data_validation_pipeline: >>>>>>>>>>>>>>>>>>>>>>>>>>>>>>>>>>>>>>>> Data Validation Stage Completed <<<<<<<<<<<<<<<<<<<<<<<<<<<<<<<<<<<<<<<<]
[2026-01-07 16:41:56,300: INFO: main: ==================== Data Validation Stage Completed ====================]
[2026-01-07 17:05:52,641: INFO: main: ==================== Data Ingestion Stage Started ====================]
[2026-01-07 17:05:52,641: INFO: data_ingestion_pipeline: >>>>>>>>>>>>>>>>>>>>>>>>>>>>>>>>>>>>>>>> Data Ingestion Stage <<<<<<<<<<<<<<<<<<<<<<<<<<<<<<<<<<<<<<<<]
[2026-01-07 17:05:52,643: INFO: common: YAML file : config\config.yaml loaded successfully]
[2026-01-07 17:05:52,648: INFO: common: YAML file : params.yaml loaded successfully]
[2026-01-07 17:05:52,651: INFO: common: YAML file : schema.yaml loaded successfully]
[2026-01-07 17:05:52,658: INFO: common: Created directory at: artifacts]
[2026-01-07 17:05:52,659: INFO: common: Created directory at: artifacts/data_ingestion]
[2026-01-07 17:05:52,660: INFO: data_ingestion: File already exists of size: 23329 bytes]
[2026-01-07 17:05:52,669: INFO: data_ingestion: File extracted to artifacts/data_ingestion successfully]
[2026-01-07 17:05:52,670: INFO: data_ingestion_pipeline: >>>>>>>>>>>>>>>>>>>>>>>>>>>>>>>>>>>>>>>> Data Ingestion Stage Completed <<<<<<<<<<<<<<<<<<<<<<<<<<<<<<<<<<<<<<<<]
[2026-01-07 17:05:52,670: INFO: main: ==================== Data Ingestion Stage Completed ====================]
[2026-01-07 17:05:52,670: INFO: main: ==================== Data Validation Stage Started ====================]
[2026-01-07 17:05:52,670: INFO: data_validation_pipeline: >>>>>>>>>>>>>>>>>>>>>>>>>>>>>>>>>>>>>>>> Data Validation Stage <<<<<<<<<<<<<<<<<<<<<<<<<<<<<<<<<<<<<<<<]
[2026-01-07 17:05:52,672: INFO: common: YAML file : config\config.yaml loaded successfully]
[2026-01-07 17:05:52,673: INFO: common: YAML file : params.yaml loaded successfully]
[2026-01-07 17:05:52,674: INFO: common: YAML file : schema.yaml loaded successfully]
[2026-01-07 17:05:52,675: INFO: common: Created directory at: artifacts]
[2026-01-07 17:05:52,676: INFO: common: Created directory at: artifacts/data_validation]
[2026-01-07 17:05:52,710: INFO: data_validation_pipeline: >>>>>>>>>>>>>>>>>>>>>>>>>>>>>>>>>>>>>>>> Data Validation Stage Completed <<<<<<<<<<<<<<<<<<<<<<<<<<<<<<<<<<<<<<<<]
[2026-01-07 17:05:52,711: INFO: main: ==================== Data Validation Stage Completed ====================]
[2026-01-07 17:05:52,711: INFO: main: ==================== Data Transformation Stage Started ====================]
[2026-01-07 17:05:52,711: INFO: data_transformation_pipeline: >>>>>>>>>>>>>>>>>>>>>>>>>>>>>>>>>>>>>>>> Data Transformation Stage <<<<<<<<<<<<<<<<<<<<<<<<<<<<<<<<<<<<<<<<]
[2026-01-07 17:05:52,714: INFO: common: YAML file : config\config.yaml loaded successfully]
[2026-01-07 17:05:52,714: INFO: common: YAML file : params.yaml loaded successfully]
[2026-01-07 17:05:52,715: INFO: common: YAML file : schema.yaml loaded successfully]
[2026-01-07 17:05:52,716: INFO: common: Created directory at: artifacts]
[2026-01-07 17:05:52,716: INFO: common: Created directory at: artifacts/data_transformation]
[2026-01-07 17:05:52,772: INFO: data_transformation: Train and test data saved at artifacts/data_transformation]
[2026-01-07 17:05:52,772: INFO: data_transformation: (1199, 12)]
[2026-01-07 17:05:52,773: INFO: data_transformation: (400, 12)]
[2026-01-07 17:05:52,774: INFO: data_transformation_pipeline: >>>>>>>>>>>>>>>>>>>>>>>>>>>>>>>>>>>>>>>> Data Transformation Stage Completed <<<<<<<<<<<<<<<<<<<<<<<<<<<<<<<<<<<<<<<<]
[2026-01-07 17:05:52,774: INFO: main: ==================== Data Transformation Stage Completed ====================]
[2026-01-07 17:32:37,869: INFO: main: ==================== Data Ingestion Stage Started ====================]
[2026-01-07 17:32:37,871: INFO: data_ingestion_pipeline: >>>>>>>>>>>>>>>>>>>>>>>>>>>>>>>>>>>>>>>> Data Ingestion Stage <<<<<<<<<<<<<<<<<<<<<<<<<<<<<<<<<<<<<<<<]
[2026-01-07 17:32:37,872: INFO: common: YAML file : config\config.yaml loaded successfully]
[2026-01-07 17:32:37,877: INFO: common: YAML file : params.yaml loaded successfully]
[2026-01-07 17:32:37,879: INFO: common: YAML file : schema.yaml loaded successfully]
[2026-01-07 17:32:37,881: INFO: common: Created directory at: artifacts]
[2026-01-07 17:32:37,883: INFO: common: Created directory at: artifacts/data_ingestion]
[2026-01-07 17:32:37,884: INFO: data_ingestion: File already exists of size: 23329 bytes]
[2026-01-07 17:32:37,891: INFO: data_ingestion: File extracted to artifacts/data_ingestion successfully]
[2026-01-07 17:32:37,892: INFO: data_ingestion_pipeline: >>>>>>>>>>>>>>>>>>>>>>>>>>>>>>>>>>>>>>>> Data Ingestion Stage Completed <<<<<<<<<<<<<<<<<<<<<<<<<<<<<<<<<<<<<<<<]
[2026-01-07 17:32:37,892: INFO: main: ==================== Data Ingestion Stage Completed ====================]
[2026-01-07 17:32:37,893: INFO: main: ==================== Data Validation Stage Started ====================]
[2026-01-07 17:32:37,893: INFO: data_validation_pipeline: >>>>>>>>>>>>>>>>>>>>>>>>>>>>>>>>>>>>>>>> Data Validation Stage <<<<<<<<<<<<<<<<<<<<<<<<<<<<<<<<<<<<<<<<]
[2026-01-07 17:32:37,898: INFO: common: YAML file : config\config.yaml loaded successfully]
[2026-01-07 17:32:37,902: INFO: common: YAML file : params.yaml loaded successfully]
[2026-01-07 17:32:37,906: INFO: common: YAML file : schema.yaml loaded successfully]
[2026-01-07 17:32:37,907: INFO: common: Created directory at: artifacts]
[2026-01-07 17:32:37,908: INFO: common: Created directory at: artifacts/data_validation]
[2026-01-07 17:32:38,017: INFO: data_validation_pipeline: >>>>>>>>>>>>>>>>>>>>>>>>>>>>>>>>>>>>>>>> Data Validation Stage Completed <<<<<<<<<<<<<<<<<<<<<<<<<<<<<<<<<<<<<<<<]
[2026-01-07 17:32:38,018: INFO: main: ==================== Data Validation Stage Completed ====================]
[2026-01-07 17:32:38,018: INFO: main: ==================== Data Transformation Stage Started ====================]
[2026-01-07 17:32:38,019: INFO: data_transformation_pipeline: >>>>>>>>>>>>>>>>>>>>>>>>>>>>>>>>>>>>>>>> Data Transformation Stage <<<<<<<<<<<<<<<<<<<<<<<<<<<<<<<<<<<<<<<<]
[2026-01-07 17:32:38,020: INFO: common: YAML file : config\config.yaml loaded successfully]
[2026-01-07 17:32:38,028: INFO: common: YAML file : params.yaml loaded successfully]
[2026-01-07 17:32:38,033: INFO: common: YAML file : schema.yaml loaded successfully]
[2026-01-07 17:32:38,038: INFO: common: Created directory at: artifacts]
[2026-01-07 17:32:38,041: INFO: common: Created directory at: artifacts/data_transformation]
[2026-01-07 17:32:38,099: INFO: data_transformation: Train and test data saved at artifacts/data_transformation]
[2026-01-07 17:32:38,099: INFO: data_transformation: (1199, 12)]
[2026-01-07 17:32:38,100: INFO: data_transformation: (400, 12)]
[2026-01-07 17:32:38,101: INFO: data_transformation_pipeline: >>>>>>>>>>>>>>>>>>>>>>>>>>>>>>>>>>>>>>>> Data Transformation Stage Completed <<<<<<<<<<<<<<<<<<<<<<<<<<<<<<<<<<<<<<<<]
[2026-01-07 17:32:38,105: INFO: main: ==================== Data Transformation Stage Completed ====================]
[2026-01-07 17:38:21,560: INFO: main: ==================== Data Ingestion Stage Started ====================]
[2026-01-07 17:38:21,560: INFO: data_ingestion_pipeline: >>>>>>>>>>>>>>>>>>>>>>>>>>>>>>>>>>>>>>>> Data Ingestion Stage <<<<<<<<<<<<<<<<<<<<<<<<<<<<<<<<<<<<<<<<]
[2026-01-07 17:38:21,562: INFO: common: YAML file : config\config.yaml loaded successfully]
[2026-01-07 17:38:21,563: INFO: common: YAML file : params.yaml loaded successfully]
[2026-01-07 17:38:21,564: INFO: common: YAML file : schema.yaml loaded successfully]
[2026-01-07 17:38:21,564: INFO: common: Created directory at: artifacts]
[2026-01-07 17:38:21,564: INFO: common: Created directory at: artifacts/data_ingestion]
[2026-01-07 17:38:21,564: INFO: data_ingestion: File already exists of size: 23329 bytes]
[2026-01-07 17:38:21,566: INFO: data_ingestion: File extracted to artifacts/data_ingestion successfully]
[2026-01-07 17:38:21,566: INFO: data_ingestion_pipeline: >>>>>>>>>>>>>>>>>>>>>>>>>>>>>>>>>>>>>>>> Data Ingestion Stage Completed <<<<<<<<<<<<<<<<<<<<<<<<<<<<<<<<<<<<<<<<]
[2026-01-07 17:38:21,566: INFO: main: ==================== Data Ingestion Stage Completed ====================]
[2026-01-07 17:38:21,566: INFO: main: ==================== Data Validation Stage Started ====================]
[2026-01-07 17:38:21,566: INFO: data_validation_pipeline: >>>>>>>>>>>>>>>>>>>>>>>>>>>>>>>>>>>>>>>> Data Validation Stage <<<<<<<<<<<<<<<<<<<<<<<<<<<<<<<<<<<<<<<<]
[2026-01-07 17:38:21,568: INFO: common: YAML file : config\config.yaml loaded successfully]
[2026-01-07 17:38:21,568: INFO: common: YAML file : params.yaml loaded successfully]
[2026-01-07 17:38:21,569: INFO: common: YAML file : schema.yaml loaded successfully]
[2026-01-07 17:38:21,570: INFO: common: Created directory at: artifacts]
[2026-01-07 17:38:21,570: INFO: common: Created directory at: artifacts/data_validation]
[2026-01-07 17:38:21,594: INFO: data_validation_pipeline: >>>>>>>>>>>>>>>>>>>>>>>>>>>>>>>>>>>>>>>> Data Validation Stage Completed <<<<<<<<<<<<<<<<<<<<<<<<<<<<<<<<<<<<<<<<]
[2026-01-07 17:38:21,594: INFO: main: ==================== Data Validation Stage Completed ====================]
[2026-01-07 17:38:21,594: INFO: main: ==================== Data Transformation Stage Started ====================]
[2026-01-07 17:38:21,594: INFO: data_transformation_pipeline: >>>>>>>>>>>>>>>>>>>>>>>>>>>>>>>>>>>>>>>> Data Transformation Stage <<<<<<<<<<<<<<<<<<<<<<<<<<<<<<<<<<<<<<<<]
[2026-01-07 17:38:21,596: INFO: common: YAML file : config\config.yaml loaded successfully]
[2026-01-07 17:38:21,599: INFO: common: YAML file : params.yaml loaded successfully]
[2026-01-07 17:38:21,600: INFO: common: YAML file : schema.yaml loaded successfully]
[2026-01-07 17:38:21,601: INFO: common: Created directory at: artifacts]
[2026-01-07 17:38:21,601: INFO: common: Created directory at: artifacts/data_transformation]
[2026-01-07 17:38:21,621: INFO: data_transformation: Train and test data saved at artifacts/data_transformation]
[2026-01-07 17:38:21,621: INFO: data_transformation: (1199, 12)]
[2026-01-07 17:38:21,622: INFO: data_transformation: (400, 12)]
[2026-01-07 17:38:21,622: INFO: data_transformation_pipeline: >>>>>>>>>>>>>>>>>>>>>>>>>>>>>>>>>>>>>>>> Data Transformation Stage Completed <<<<<<<<<<<<<<<<<<<<<<<<<<<<<<<<<<<<<<<<]
[2026-01-07 17:38:21,622: INFO: main: ==================== Data Transformation Stage Completed ====================]
[2026-01-07 17:40:26,024: INFO: main: ==================== Data Ingestion Stage Started ====================]
[2026-01-07 17:40:26,025: INFO: data_ingestion_pipeline: >>>>>>>>>>>>>>>>>>>>>>>>>>>>>>>>>>>>>>>> Data Ingestion Stage <<<<<<<<<<<<<<<<<<<<<<<<<<<<<<<<<<<<<<<<]
[2026-01-07 17:40:26,026: INFO: common: YAML file : config\config.yaml loaded successfully]
[2026-01-07 17:40:26,028: INFO: common: YAML file : params.yaml loaded successfully]
[2026-01-07 17:40:26,029: INFO: common: YAML file : schema.yaml loaded successfully]
[2026-01-07 17:40:26,030: INFO: common: Created directory at: artifacts]
[2026-01-07 17:40:26,030: INFO: common: Created directory at: artifacts/data_ingestion]
[2026-01-07 17:40:26,031: INFO: data_ingestion: File already exists of size: 23329 bytes]
[2026-01-07 17:40:26,033: INFO: data_ingestion: File extracted to artifacts/data_ingestion successfully]
[2026-01-07 17:40:26,033: INFO: data_ingestion_pipeline: >>>>>>>>>>>>>>>>>>>>>>>>>>>>>>>>>>>>>>>> Data Ingestion Stage Completed <<<<<<<<<<<<<<<<<<<<<<<<<<<<<<<<<<<<<<<<]
[2026-01-07 17:40:26,033: INFO: main: ==================== Data Ingestion Stage Completed ====================]
[2026-01-07 17:40:26,033: INFO: main: ==================== Data Validation Stage Started ====================]
[2026-01-07 17:40:26,034: INFO: data_validation_pipeline: >>>>>>>>>>>>>>>>>>>>>>>>>>>>>>>>>>>>>>>> Data Validation Stage <<<<<<<<<<<<<<<<<<<<<<<<<<<<<<<<<<<<<<<<]
[2026-01-07 17:40:26,035: INFO: common: YAML file : config\config.yaml loaded successfully]
[2026-01-07 17:40:26,037: INFO: common: YAML file : params.yaml loaded successfully]
[2026-01-07 17:40:26,038: INFO: common: YAML file : schema.yaml loaded successfully]
[2026-01-07 17:40:26,038: INFO: common: Created directory at: artifacts]
[2026-01-07 17:40:26,038: INFO: common: Created directory at: artifacts/data_validation]
[2026-01-07 17:40:26,060: INFO: data_validation_pipeline: >>>>>>>>>>>>>>>>>>>>>>>>>>>>>>>>>>>>>>>> Data Validation Stage Completed <<<<<<<<<<<<<<<<<<<<<<<<<<<<<<<<<<<<<<<<]
[2026-01-07 17:40:26,061: INFO: main: ==================== Data Validation Stage Completed ====================]
[2026-01-07 17:40:26,061: INFO: main: ==================== Data Transformation Stage Started ====================]
[2026-01-07 17:40:26,061: INFO: data_transformation_pipeline: >>>>>>>>>>>>>>>>>>>>>>>>>>>>>>>>>>>>>>>> Data Transformation Stage <<<<<<<<<<<<<<<<<<<<<<<<<<<<<<<<<<<<<<<<]
[2026-01-07 17:40:26,063: INFO: common: YAML file : config\config.yaml loaded successfully]
[2026-01-07 17:40:26,065: INFO: common: YAML file : params.yaml loaded successfully]
[2026-01-07 17:40:26,066: INFO: common: YAML file : schema.yaml loaded successfully]
[2026-01-07 17:40:26,067: INFO: common: Created directory at: artifacts]
[2026-01-07 17:40:26,067: INFO: common: Created directory at: artifacts/data_transformation]
[2026-01-07 17:40:26,092: INFO: data_transformation: Train and test data saved at artifacts/data_transformation]
[2026-01-07 17:40:26,092: INFO: data_transformation: (1199, 12)]
[2026-01-07 17:40:26,093: INFO: data_transformation: (400, 12)]
[2026-01-07 17:40:26,093: INFO: data_transformation_pipeline: >>>>>>>>>>>>>>>>>>>>>>>>>>>>>>>>>>>>>>>> Data Transformation Stage Completed <<<<<<<<<<<<<<<<<<<<<<<<<<<<<<<<<<<<<<<<]
[2026-01-07 17:40:26,093: INFO: main: ==================== Data Transformation Stage Completed ====================]
[2026-01-07 17:40:26,093: INFO: main: ==================== Model Training Stage Started ====================]
[2026-01-07 17:40:26,093: INFO: model_trainer_pipeline: >>>>>>>>>>>>>>>>>>>>>>>>>>>>>>>>>>>>>>>> Model Training Stage <<<<<<<<<<<<<<<<<<<<<<<<<<<<<<<<<<<<<<<<]
[2026-01-07 17:40:26,095: INFO: common: YAML file : config\config.yaml loaded successfully]
[2026-01-07 17:40:26,096: INFO: common: YAML file : params.yaml loaded successfully]
[2026-01-07 17:40:26,100: INFO: common: YAML file : schema.yaml loaded successfully]
[2026-01-07 17:40:26,101: INFO: common: Created directory at: artifacts]
[2026-01-07 17:40:26,101: INFO: common: Created directory at: artifacts/model_trainer]
[2026-01-07 17:40:26,151: INFO: model_trainer: Model training completed]
[2026-01-07 17:40:26,154: INFO: model_trainer: Model saved at artifacts/model_trainer\model.joblib]
[2026-01-07 17:40:26,154: INFO: model_trainer_pipeline: >>>>>>>>>>>>>>>>>>>>>>>>>>>>>>>>>>>>>>>> Model Training Stage Completed <<<<<<<<<<<<<<<<<<<<<<<<<<<<<<<<<<<<<<<<]
[2026-01-07 17:40:26,154: INFO: main: ==================== Model Training Stage Completed ====================]
[2026-01-07 18:16:22,116: INFO: main: ==================== Data Ingestion Stage Started ====================]
[2026-01-07 18:16:22,117: INFO: data_ingestion_pipeline: >>>>>>>>>>>>>>>>>>>>>>>>>>>>>>>>>>>>>>>> Data Ingestion Stage <<<<<<<<<<<<<<<<<<<<<<<<<<<<<<<<<<<<<<<<]
[2026-01-07 18:16:22,133: INFO: common: YAML file : config\config.yaml loaded successfully]
[2026-01-07 18:16:22,137: INFO: common: YAML file : params.yaml loaded successfully]
[2026-01-07 18:16:22,139: INFO: common: YAML file : schema.yaml loaded successfully]
[2026-01-07 18:16:22,141: INFO: common: Created directory at: artifacts]
[2026-01-07 18:16:22,141: INFO: common: Created directory at: artifacts/data_ingestion]
[2026-01-07 18:16:22,142: INFO: data_ingestion: File already exists of size: 23329 bytes]
[2026-01-07 18:16:22,148: INFO: data_ingestion: File extracted to artifacts/data_ingestion successfully]
[2026-01-07 18:16:22,149: INFO: data_ingestion_pipeline: >>>>>>>>>>>>>>>>>>>>>>>>>>>>>>>>>>>>>>>> Data Ingestion Stage Completed <<<<<<<<<<<<<<<<<<<<<<<<<<<<<<<<<<<<<<<<]
[2026-01-07 18:16:22,149: INFO: main: ==================== Data Ingestion Stage Completed ====================]
[2026-01-07 18:16:22,149: INFO: main: ==================== Data Validation Stage Started ====================]
[2026-01-07 18:16:22,149: INFO: data_validation_pipeline: >>>>>>>>>>>>>>>>>>>>>>>>>>>>>>>>>>>>>>>> Data Validation Stage <<<<<<<<<<<<<<<<<<<<<<<<<<<<<<<<<<<<<<<<]
[2026-01-07 18:16:22,152: INFO: common: YAML file : config\config.yaml loaded successfully]
[2026-01-07 18:16:22,153: INFO: common: YAML file : params.yaml loaded successfully]
[2026-01-07 18:16:22,155: INFO: common: YAML file : schema.yaml loaded successfully]
[2026-01-07 18:16:22,155: INFO: common: Created directory at: artifacts]
[2026-01-07 18:16:22,156: INFO: common: Created directory at: artifacts/data_validation]
[2026-01-07 18:16:22,196: INFO: data_validation_pipeline: >>>>>>>>>>>>>>>>>>>>>>>>>>>>>>>>>>>>>>>> Data Validation Stage Completed <<<<<<<<<<<<<<<<<<<<<<<<<<<<<<<<<<<<<<<<]
[2026-01-07 18:16:22,196: INFO: main: ==================== Data Validation Stage Completed ====================]
[2026-01-07 18:16:22,196: INFO: main: ==================== Data Transformation Stage Started ====================]
[2026-01-07 18:16:22,196: INFO: data_transformation_pipeline: >>>>>>>>>>>>>>>>>>>>>>>>>>>>>>>>>>>>>>>> Data Transformation Stage <<<<<<<<<<<<<<<<<<<<<<<<<<<<<<<<<<<<<<<<]
[2026-01-07 18:16:22,199: INFO: common: YAML file : config\config.yaml loaded successfully]
[2026-01-07 18:16:22,200: INFO: common: YAML file : params.yaml loaded successfully]
[2026-01-07 18:16:22,201: INFO: common: YAML file : schema.yaml loaded successfully]
[2026-01-07 18:16:22,202: INFO: common: Created directory at: artifacts]
[2026-01-07 18:16:22,202: INFO: common: Created directory at: artifacts/data_transformation]
[2026-01-07 18:16:22,237: INFO: data_transformation: Train and test data saved at artifacts/data_transformation]
[2026-01-07 18:16:22,238: INFO: data_transformation: (1199, 12)]
[2026-01-07 18:16:22,238: INFO: data_transformation: (400, 12)]
[2026-01-07 18:16:22,239: INFO: data_transformation_pipeline: >>>>>>>>>>>>>>>>>>>>>>>>>>>>>>>>>>>>>>>> Data Transformation Stage Completed <<<<<<<<<<<<<<<<<<<<<<<<<<<<<<<<<<<<<<<<]
[2026-01-07 18:16:22,240: INFO: main: ==================== Data Transformation Stage Completed ====================]
[2026-01-07 18:16:22,240: INFO: main: ==================== Model Training Stage Started ====================]
[2026-01-07 18:16:22,240: INFO: model_trainer_pipeline: >>>>>>>>>>>>>>>>>>>>>>>>>>>>>>>>>>>>>>>> Model Training Stage <<<<<<<<<<<<<<<<<<<<<<<<<<<<<<<<<<<<<<<<]
[2026-01-07 18:16:22,243: INFO: common: YAML file : config\config.yaml loaded successfully]
[2026-01-07 18:16:22,244: INFO: common: YAML file : params.yaml loaded successfully]
[2026-01-07 18:16:22,247: INFO: common: YAML file : schema.yaml loaded successfully]
[2026-01-07 18:16:22,248: INFO: common: Created directory at: artifacts]
[2026-01-07 18:16:22,249: INFO: common: Created directory at: artifacts/model_trainer]
[2026-01-07 18:16:22,293: INFO: model_trainer: Model training completed]
[2026-01-07 18:16:22,295: INFO: model_trainer: Model saved at artifacts/model_trainer\model.joblib]
[2026-01-07 18:16:22,295: INFO: model_trainer_pipeline: >>>>>>>>>>>>>>>>>>>>>>>>>>>>>>>>>>>>>>>> Model Training Stage Completed <<<<<<<<<<<<<<<<<<<<<<<<<<<<<<<<<<<<<<<<]
[2026-01-07 18:16:22,295: INFO: main: ==================== Model Training Stage Completed ====================]
[2026-01-07 18:16:22,296: INFO: main: ==================== Model Evaluation Stage Started ====================]
[2026-01-07 18:16:22,296: INFO: model_evaluation_pipeline: >>>>>>>>>>>>>>>>>>>>>>>>>>>>>>>>>>>>>>>> Model Evaluation Stage <<<<<<<<<<<<<<<<<<<<<<<<<<<<<<<<<<<<<<<<]
[2026-01-07 18:16:22,297: INFO: common: YAML file : config\config.yaml loaded successfully]
[2026-01-07 18:16:22,298: INFO: common: YAML file : params.yaml loaded successfully]
[2026-01-07 18:16:22,299: INFO: common: YAML file : schema.yaml loaded successfully]
[2026-01-07 18:16:22,300: INFO: common: Created directory at: artifacts]
[2026-01-07 18:16:22,300: INFO: common: Created directory at: artifacts/model_evaluation]
[2026-01-07 18:16:32,999: ERROR: model_evaluation_pipeline: API request to endpoint /api/2.0/mlflow/runs/create failed with error code 403 != 200. Response body: '']
Traceback (most recent call last):
  File "E:\mlops-projects\datascience-project\src\datascience\pipeline\model_evaluation_pipeline.py", line 19, in Initiate_model_evaluation
    model_evaluation.log_into_mlflow()
  File "E:\mlops-projects\datascience-project\src\datascience\components\model_evaluation.py", line 33, in log_into_mlflow
    with mlflow.start_run():
         ^^^^^^^^^^^^^^^^^^
  File "E:\mlops-projects\datascience-project\.venv\Lib\site-packages\mlflow\tracking\fluent.py", line 539, in start_run
    active_run_obj = client.create_run(
                     ^^^^^^^^^^^^^^^^^^
  File "E:\mlops-projects\datascience-project\.venv\Lib\site-packages\mlflow\tracking\client.py", line 494, in create_run
    return self._tracking_client.create_run(experiment_id, start_time, tags, run_name)
           ^^^^^^^^^^^^^^^^^^^^^^^^^^^^^^^^^^^^^^^^^^^^^^^^^^^^^^^^^^^^^^^^^^^^^^^^^^^
  File "E:\mlops-projects\datascience-project\.venv\Lib\site-packages\mlflow\telemetry\track.py", line 30, in wrapper
    result = func(*args, **kwargs)
             ^^^^^^^^^^^^^^^^^^^^^
  File "E:\mlops-projects\datascience-project\.venv\Lib\site-packages\mlflow\tracking\_tracking_service\client.py", line 183, in create_run
    return self.store.create_run(
           ^^^^^^^^^^^^^^^^^^^^^^
  File "E:\mlops-projects\datascience-project\.venv\Lib\site-packages\mlflow\store\tracking\rest_store.py", line 359, in create_run
    response_proto = self._call_endpoint(CreateRun, req_body)
                     ^^^^^^^^^^^^^^^^^^^^^^^^^^^^^^^^^^^^^^^^
  File "E:\mlops-projects\datascience-project\.venv\Lib\site-packages\mlflow\store\tracking\rest_store.py", line 222, in _call_endpoint
    return call_endpoint(
           ^^^^^^^^^^^^^^
  File "E:\mlops-projects\datascience-project\.venv\Lib\site-packages\mlflow\utils\rest_utils.py", line 596, in call_endpoint
    response = verify_rest_response(response, endpoint)
               ^^^^^^^^^^^^^^^^^^^^^^^^^^^^^^^^^^^^^^^^
  File "E:\mlops-projects\datascience-project\.venv\Lib\site-packages\mlflow\utils\rest_utils.py", line 321, in verify_rest_response
    raise MlflowException(
mlflow.exceptions.MlflowException: API request to endpoint /api/2.0/mlflow/runs/create failed with error code 403 != 200. Response body: ''
[2026-01-07 18:16:33,004: ERROR: main: API request to endpoint /api/2.0/mlflow/runs/create failed with error code 403 != 200. Response body: '']
Traceback (most recent call last):
  File "E:\mlops-projects\datascience-project\main.py", line 57, in <module>
    model_evaluation.Initiate_model_evaluation()
  File "E:\mlops-projects\datascience-project\src\datascience\pipeline\model_evaluation_pipeline.py", line 25, in Initiate_model_evaluation
    raise e
  File "E:\mlops-projects\datascience-project\src\datascience\pipeline\model_evaluation_pipeline.py", line 19, in Initiate_model_evaluation
    model_evaluation.log_into_mlflow()
  File "E:\mlops-projects\datascience-project\src\datascience\components\model_evaluation.py", line 33, in log_into_mlflow
    with mlflow.start_run():
         ^^^^^^^^^^^^^^^^^^
  File "E:\mlops-projects\datascience-project\.venv\Lib\site-packages\mlflow\tracking\fluent.py", line 539, in start_run
    active_run_obj = client.create_run(
                     ^^^^^^^^^^^^^^^^^^
  File "E:\mlops-projects\datascience-project\.venv\Lib\site-packages\mlflow\tracking\client.py", line 494, in create_run
    return self._tracking_client.create_run(experiment_id, start_time, tags, run_name)
           ^^^^^^^^^^^^^^^^^^^^^^^^^^^^^^^^^^^^^^^^^^^^^^^^^^^^^^^^^^^^^^^^^^^^^^^^^^^
  File "E:\mlops-projects\datascience-project\.venv\Lib\site-packages\mlflow\telemetry\track.py", line 30, in wrapper
    result = func(*args, **kwargs)
             ^^^^^^^^^^^^^^^^^^^^^
  File "E:\mlops-projects\datascience-project\.venv\Lib\site-packages\mlflow\tracking\_tracking_service\client.py", line 183, in create_run
    return self.store.create_run(
           ^^^^^^^^^^^^^^^^^^^^^^
  File "E:\mlops-projects\datascience-project\.venv\Lib\site-packages\mlflow\store\tracking\rest_store.py", line 359, in create_run
    response_proto = self._call_endpoint(CreateRun, req_body)
                     ^^^^^^^^^^^^^^^^^^^^^^^^^^^^^^^^^^^^^^^^
  File "E:\mlops-projects\datascience-project\.venv\Lib\site-packages\mlflow\store\tracking\rest_store.py", line 222, in _call_endpoint
    return call_endpoint(
           ^^^^^^^^^^^^^^
  File "E:\mlops-projects\datascience-project\.venv\Lib\site-packages\mlflow\utils\rest_utils.py", line 596, in call_endpoint
    response = verify_rest_response(response, endpoint)
               ^^^^^^^^^^^^^^^^^^^^^^^^^^^^^^^^^^^^^^^^
  File "E:\mlops-projects\datascience-project\.venv\Lib\site-packages\mlflow\utils\rest_utils.py", line 321, in verify_rest_response
    raise MlflowException(
mlflow.exceptions.MlflowException: API request to endpoint /api/2.0/mlflow/runs/create failed with error code 403 != 200. Response body: ''
[2026-01-07 18:20:01,586: INFO: main: ==================== Data Ingestion Stage Started ====================]
[2026-01-07 18:20:01,586: INFO: data_ingestion_pipeline: >>>>>>>>>>>>>>>>>>>>>>>>>>>>>>>>>>>>>>>> Data Ingestion Stage <<<<<<<<<<<<<<<<<<<<<<<<<<<<<<<<<<<<<<<<]
[2026-01-07 18:20:01,588: INFO: common: YAML file : config\config.yaml loaded successfully]
[2026-01-07 18:20:01,589: INFO: common: YAML file : params.yaml loaded successfully]
[2026-01-07 18:20:01,590: INFO: common: YAML file : schema.yaml loaded successfully]
[2026-01-07 18:20:01,590: INFO: common: Created directory at: artifacts]
[2026-01-07 18:20:01,590: INFO: common: Created directory at: artifacts/data_ingestion]
[2026-01-07 18:20:01,591: INFO: data_ingestion: File already exists of size: 23329 bytes]
[2026-01-07 18:20:01,592: INFO: data_ingestion: File extracted to artifacts/data_ingestion successfully]
[2026-01-07 18:20:01,592: INFO: data_ingestion_pipeline: >>>>>>>>>>>>>>>>>>>>>>>>>>>>>>>>>>>>>>>> Data Ingestion Stage Completed <<<<<<<<<<<<<<<<<<<<<<<<<<<<<<<<<<<<<<<<]
[2026-01-07 18:20:01,592: INFO: main: ==================== Data Ingestion Stage Completed ====================]
[2026-01-07 18:20:01,593: INFO: main: ==================== Data Validation Stage Started ====================]
[2026-01-07 18:20:01,593: INFO: data_validation_pipeline: >>>>>>>>>>>>>>>>>>>>>>>>>>>>>>>>>>>>>>>> Data Validation Stage <<<<<<<<<<<<<<<<<<<<<<<<<<<<<<<<<<<<<<<<]
[2026-01-07 18:20:01,594: INFO: common: YAML file : config\config.yaml loaded successfully]
[2026-01-07 18:20:01,595: INFO: common: YAML file : params.yaml loaded successfully]
[2026-01-07 18:20:01,596: INFO: common: YAML file : schema.yaml loaded successfully]
[2026-01-07 18:20:01,597: INFO: common: Created directory at: artifacts]
[2026-01-07 18:20:01,597: INFO: common: Created directory at: artifacts/data_validation]
[2026-01-07 18:20:01,621: INFO: data_validation_pipeline: >>>>>>>>>>>>>>>>>>>>>>>>>>>>>>>>>>>>>>>> Data Validation Stage Completed <<<<<<<<<<<<<<<<<<<<<<<<<<<<<<<<<<<<<<<<]
[2026-01-07 18:20:01,621: INFO: main: ==================== Data Validation Stage Completed ====================]
[2026-01-07 18:20:01,621: INFO: main: ==================== Data Transformation Stage Started ====================]
[2026-01-07 18:20:01,622: INFO: data_transformation_pipeline: >>>>>>>>>>>>>>>>>>>>>>>>>>>>>>>>>>>>>>>> Data Transformation Stage <<<<<<<<<<<<<<<<<<<<<<<<<<<<<<<<<<<<<<<<]
[2026-01-07 18:20:01,624: INFO: common: YAML file : config\config.yaml loaded successfully]
[2026-01-07 18:20:01,625: INFO: common: YAML file : params.yaml loaded successfully]
[2026-01-07 18:20:01,626: INFO: common: YAML file : schema.yaml loaded successfully]
[2026-01-07 18:20:01,627: INFO: common: Created directory at: artifacts]
[2026-01-07 18:20:01,627: INFO: common: Created directory at: artifacts/data_transformation]
[2026-01-07 18:20:01,647: INFO: data_transformation: Train and test data saved at artifacts/data_transformation]
[2026-01-07 18:20:01,647: INFO: data_transformation: (1199, 12)]
[2026-01-07 18:20:01,647: INFO: data_transformation: (400, 12)]
[2026-01-07 18:20:01,648: INFO: data_transformation_pipeline: >>>>>>>>>>>>>>>>>>>>>>>>>>>>>>>>>>>>>>>> Data Transformation Stage Completed <<<<<<<<<<<<<<<<<<<<<<<<<<<<<<<<<<<<<<<<]
[2026-01-07 18:20:01,648: INFO: main: ==================== Data Transformation Stage Completed ====================]
[2026-01-07 18:20:01,648: INFO: main: ==================== Model Training Stage Started ====================]
[2026-01-07 18:20:01,648: INFO: model_trainer_pipeline: >>>>>>>>>>>>>>>>>>>>>>>>>>>>>>>>>>>>>>>> Model Training Stage <<<<<<<<<<<<<<<<<<<<<<<<<<<<<<<<<<<<<<<<]
[2026-01-07 18:20:01,649: INFO: common: YAML file : config\config.yaml loaded successfully]
[2026-01-07 18:20:01,650: INFO: common: YAML file : params.yaml loaded successfully]
[2026-01-07 18:20:01,651: INFO: common: YAML file : schema.yaml loaded successfully]
[2026-01-07 18:20:01,652: INFO: common: Created directory at: artifacts]
[2026-01-07 18:20:01,653: INFO: common: Created directory at: artifacts/model_trainer]
[2026-01-07 18:20:01,685: INFO: model_trainer: Model training completed]
[2026-01-07 18:20:01,687: INFO: model_trainer: Model saved at artifacts/model_trainer\model.joblib]
[2026-01-07 18:20:01,687: INFO: model_trainer_pipeline: >>>>>>>>>>>>>>>>>>>>>>>>>>>>>>>>>>>>>>>> Model Training Stage Completed <<<<<<<<<<<<<<<<<<<<<<<<<<<<<<<<<<<<<<<<]
[2026-01-07 18:20:01,687: INFO: main: ==================== Model Training Stage Completed ====================]
[2026-01-07 18:20:01,688: INFO: main: ==================== Model Evaluation Stage Started ====================]
[2026-01-07 18:20:01,688: INFO: model_evaluation_pipeline: >>>>>>>>>>>>>>>>>>>>>>>>>>>>>>>>>>>>>>>> Model Evaluation Stage <<<<<<<<<<<<<<<<<<<<<<<<<<<<<<<<<<<<<<<<]
[2026-01-07 18:20:01,690: INFO: common: YAML file : config\config.yaml loaded successfully]
[2026-01-07 18:20:01,691: INFO: common: YAML file : params.yaml loaded successfully]
[2026-01-07 18:20:01,692: INFO: common: YAML file : schema.yaml loaded successfully]
[2026-01-07 18:20:01,693: INFO: common: Created directory at: artifacts]
[2026-01-07 18:20:01,693: INFO: common: Created directory at: artifacts/model_evaluation]
[2026-01-07 18:20:03,269: ERROR: model_evaluation_pipeline: API request to endpoint /api/2.0/mlflow/runs/create failed with error code 401 != 200. Response body: '=============== ATTENTION! ===============

To use authentication, you must first: 
    Get your default access token from: https://dagshub.com/user/settings/tokens
    OR 
    Set a password: https://dagshub.com/user/settings/password 
==========================================']
Traceback (most recent call last):
  File "E:\mlops-projects\datascience-project\src\datascience\pipeline\model_evaluation_pipeline.py", line 21, in Initiate_model_evaluation
    model_evaluation.log_into_mlflow()
  File "E:\mlops-projects\datascience-project\src\datascience\components\model_evaluation.py", line 38, in log_into_mlflow
    with mlflow.start_run():
         ^^^^^^^^^^^^^^^^^^
  File "E:\mlops-projects\datascience-project\.venv\Lib\site-packages\mlflow\tracking\fluent.py", line 539, in start_run
    active_run_obj = client.create_run(
                     ^^^^^^^^^^^^^^^^^^
  File "E:\mlops-projects\datascience-project\.venv\Lib\site-packages\mlflow\tracking\client.py", line 494, in create_run
    return self._tracking_client.create_run(experiment_id, start_time, tags, run_name)
           ^^^^^^^^^^^^^^^^^^^^^^^^^^^^^^^^^^^^^^^^^^^^^^^^^^^^^^^^^^^^^^^^^^^^^^^^^^^
  File "E:\mlops-projects\datascience-project\.venv\Lib\site-packages\mlflow\telemetry\track.py", line 30, in wrapper
    result = func(*args, **kwargs)
             ^^^^^^^^^^^^^^^^^^^^^
  File "E:\mlops-projects\datascience-project\.venv\Lib\site-packages\mlflow\tracking\_tracking_service\client.py", line 183, in create_run
    return self.store.create_run(
           ^^^^^^^^^^^^^^^^^^^^^^
  File "E:\mlops-projects\datascience-project\.venv\Lib\site-packages\mlflow\store\tracking\rest_store.py", line 359, in create_run
    response_proto = self._call_endpoint(CreateRun, req_body)
                     ^^^^^^^^^^^^^^^^^^^^^^^^^^^^^^^^^^^^^^^^
  File "E:\mlops-projects\datascience-project\.venv\Lib\site-packages\mlflow\store\tracking\rest_store.py", line 222, in _call_endpoint
    return call_endpoint(
           ^^^^^^^^^^^^^^
  File "E:\mlops-projects\datascience-project\.venv\Lib\site-packages\mlflow\utils\rest_utils.py", line 596, in call_endpoint
    response = verify_rest_response(response, endpoint)
               ^^^^^^^^^^^^^^^^^^^^^^^^^^^^^^^^^^^^^^^^
  File "E:\mlops-projects\datascience-project\.venv\Lib\site-packages\mlflow\utils\rest_utils.py", line 321, in verify_rest_response
    raise MlflowException(
mlflow.exceptions.MlflowException: API request to endpoint /api/2.0/mlflow/runs/create failed with error code 401 != 200. Response body: '=============== ATTENTION! ===============

To use authentication, you must first: 
    Get your default access token from: https://dagshub.com/user/settings/tokens
    OR 
    Set a password: https://dagshub.com/user/settings/password 
=========================================='
[2026-01-07 18:20:03,274: ERROR: main: API request to endpoint /api/2.0/mlflow/runs/create failed with error code 401 != 200. Response body: '=============== ATTENTION! ===============

To use authentication, you must first: 
    Get your default access token from: https://dagshub.com/user/settings/tokens
    OR 
    Set a password: https://dagshub.com/user/settings/password 
==========================================']
Traceback (most recent call last):
  File "E:\mlops-projects\datascience-project\main.py", line 57, in <module>
    model_evaluation.Initiate_model_evaluation()
  File "E:\mlops-projects\datascience-project\src\datascience\pipeline\model_evaluation_pipeline.py", line 27, in Initiate_model_evaluation
    raise e
  File "E:\mlops-projects\datascience-project\src\datascience\pipeline\model_evaluation_pipeline.py", line 21, in Initiate_model_evaluation
    model_evaluation.log_into_mlflow()
  File "E:\mlops-projects\datascience-project\src\datascience\components\model_evaluation.py", line 38, in log_into_mlflow
    with mlflow.start_run():
         ^^^^^^^^^^^^^^^^^^
  File "E:\mlops-projects\datascience-project\.venv\Lib\site-packages\mlflow\tracking\fluent.py", line 539, in start_run
    active_run_obj = client.create_run(
                     ^^^^^^^^^^^^^^^^^^
  File "E:\mlops-projects\datascience-project\.venv\Lib\site-packages\mlflow\tracking\client.py", line 494, in create_run
    return self._tracking_client.create_run(experiment_id, start_time, tags, run_name)
           ^^^^^^^^^^^^^^^^^^^^^^^^^^^^^^^^^^^^^^^^^^^^^^^^^^^^^^^^^^^^^^^^^^^^^^^^^^^
  File "E:\mlops-projects\datascience-project\.venv\Lib\site-packages\mlflow\telemetry\track.py", line 30, in wrapper
    result = func(*args, **kwargs)
             ^^^^^^^^^^^^^^^^^^^^^
  File "E:\mlops-projects\datascience-project\.venv\Lib\site-packages\mlflow\tracking\_tracking_service\client.py", line 183, in create_run
    return self.store.create_run(
           ^^^^^^^^^^^^^^^^^^^^^^
  File "E:\mlops-projects\datascience-project\.venv\Lib\site-packages\mlflow\store\tracking\rest_store.py", line 359, in create_run
    response_proto = self._call_endpoint(CreateRun, req_body)
                     ^^^^^^^^^^^^^^^^^^^^^^^^^^^^^^^^^^^^^^^^
  File "E:\mlops-projects\datascience-project\.venv\Lib\site-packages\mlflow\store\tracking\rest_store.py", line 222, in _call_endpoint
    return call_endpoint(
           ^^^^^^^^^^^^^^
  File "E:\mlops-projects\datascience-project\.venv\Lib\site-packages\mlflow\utils\rest_utils.py", line 596, in call_endpoint
    response = verify_rest_response(response, endpoint)
               ^^^^^^^^^^^^^^^^^^^^^^^^^^^^^^^^^^^^^^^^
  File "E:\mlops-projects\datascience-project\.venv\Lib\site-packages\mlflow\utils\rest_utils.py", line 321, in verify_rest_response
    raise MlflowException(
mlflow.exceptions.MlflowException: API request to endpoint /api/2.0/mlflow/runs/create failed with error code 401 != 200. Response body: '=============== ATTENTION! ===============

To use authentication, you must first: 
    Get your default access token from: https://dagshub.com/user/settings/tokens
    OR 
    Set a password: https://dagshub.com/user/settings/password 
=========================================='
[2026-01-07 18:21:10,837: INFO: main: ==================== Data Ingestion Stage Started ====================]
[2026-01-07 18:21:10,837: INFO: data_ingestion_pipeline: >>>>>>>>>>>>>>>>>>>>>>>>>>>>>>>>>>>>>>>> Data Ingestion Stage <<<<<<<<<<<<<<<<<<<<<<<<<<<<<<<<<<<<<<<<]
[2026-01-07 18:21:10,839: INFO: common: YAML file : config\config.yaml loaded successfully]
[2026-01-07 18:21:10,840: INFO: common: YAML file : params.yaml loaded successfully]
[2026-01-07 18:21:10,841: INFO: common: YAML file : schema.yaml loaded successfully]
[2026-01-07 18:21:10,841: INFO: common: Created directory at: artifacts]
[2026-01-07 18:21:10,841: INFO: common: Created directory at: artifacts/data_ingestion]
[2026-01-07 18:21:10,842: INFO: data_ingestion: File already exists of size: 23329 bytes]
[2026-01-07 18:21:10,843: INFO: data_ingestion: File extracted to artifacts/data_ingestion successfully]
[2026-01-07 18:21:10,843: INFO: data_ingestion_pipeline: >>>>>>>>>>>>>>>>>>>>>>>>>>>>>>>>>>>>>>>> Data Ingestion Stage Completed <<<<<<<<<<<<<<<<<<<<<<<<<<<<<<<<<<<<<<<<]
[2026-01-07 18:21:10,844: INFO: main: ==================== Data Ingestion Stage Completed ====================]
[2026-01-07 18:21:10,844: INFO: main: ==================== Data Validation Stage Started ====================]
[2026-01-07 18:21:10,844: INFO: data_validation_pipeline: >>>>>>>>>>>>>>>>>>>>>>>>>>>>>>>>>>>>>>>> Data Validation Stage <<<<<<<<<<<<<<<<<<<<<<<<<<<<<<<<<<<<<<<<]
[2026-01-07 18:21:10,845: INFO: common: YAML file : config\config.yaml loaded successfully]
[2026-01-07 18:21:10,846: INFO: common: YAML file : params.yaml loaded successfully]
[2026-01-07 18:21:10,847: INFO: common: YAML file : schema.yaml loaded successfully]
[2026-01-07 18:21:10,847: INFO: common: Created directory at: artifacts]
[2026-01-07 18:21:10,848: INFO: common: Created directory at: artifacts/data_validation]
[2026-01-07 18:21:10,869: INFO: data_validation_pipeline: >>>>>>>>>>>>>>>>>>>>>>>>>>>>>>>>>>>>>>>> Data Validation Stage Completed <<<<<<<<<<<<<<<<<<<<<<<<<<<<<<<<<<<<<<<<]
[2026-01-07 18:21:10,870: INFO: main: ==================== Data Validation Stage Completed ====================]
[2026-01-07 18:21:10,870: INFO: main: ==================== Data Transformation Stage Started ====================]
[2026-01-07 18:21:10,870: INFO: data_transformation_pipeline: >>>>>>>>>>>>>>>>>>>>>>>>>>>>>>>>>>>>>>>> Data Transformation Stage <<<<<<<<<<<<<<<<<<<<<<<<<<<<<<<<<<<<<<<<]
[2026-01-07 18:21:10,873: INFO: common: YAML file : config\config.yaml loaded successfully]
[2026-01-07 18:21:10,874: INFO: common: YAML file : params.yaml loaded successfully]
[2026-01-07 18:21:10,875: INFO: common: YAML file : schema.yaml loaded successfully]
[2026-01-07 18:21:10,876: INFO: common: Created directory at: artifacts]
[2026-01-07 18:21:10,876: INFO: common: Created directory at: artifacts/data_transformation]
[2026-01-07 18:21:10,897: INFO: data_transformation: Train and test data saved at artifacts/data_transformation]
[2026-01-07 18:21:10,898: INFO: data_transformation: (1199, 12)]
[2026-01-07 18:21:10,898: INFO: data_transformation: (400, 12)]
[2026-01-07 18:21:10,898: INFO: data_transformation_pipeline: >>>>>>>>>>>>>>>>>>>>>>>>>>>>>>>>>>>>>>>> Data Transformation Stage Completed <<<<<<<<<<<<<<<<<<<<<<<<<<<<<<<<<<<<<<<<]
[2026-01-07 18:21:10,899: INFO: main: ==================== Data Transformation Stage Completed ====================]
[2026-01-07 18:21:10,899: INFO: main: ==================== Model Training Stage Started ====================]
[2026-01-07 18:21:10,899: INFO: model_trainer_pipeline: >>>>>>>>>>>>>>>>>>>>>>>>>>>>>>>>>>>>>>>> Model Training Stage <<<<<<<<<<<<<<<<<<<<<<<<<<<<<<<<<<<<<<<<]
[2026-01-07 18:21:10,901: INFO: common: YAML file : config\config.yaml loaded successfully]
[2026-01-07 18:21:10,902: INFO: common: YAML file : params.yaml loaded successfully]
[2026-01-07 18:21:10,903: INFO: common: YAML file : schema.yaml loaded successfully]
[2026-01-07 18:21:10,904: INFO: common: Created directory at: artifacts]
[2026-01-07 18:21:10,904: INFO: common: Created directory at: artifacts/model_trainer]
[2026-01-07 18:21:10,940: INFO: model_trainer: Model training completed]
[2026-01-07 18:21:10,941: INFO: model_trainer: Model saved at artifacts/model_trainer\model.joblib]
[2026-01-07 18:21:10,941: INFO: model_trainer_pipeline: >>>>>>>>>>>>>>>>>>>>>>>>>>>>>>>>>>>>>>>> Model Training Stage Completed <<<<<<<<<<<<<<<<<<<<<<<<<<<<<<<<<<<<<<<<]
[2026-01-07 18:21:10,941: INFO: main: ==================== Model Training Stage Completed ====================]
[2026-01-07 18:21:10,941: INFO: main: ==================== Model Evaluation Stage Started ====================]
[2026-01-07 18:21:10,941: INFO: model_evaluation_pipeline: >>>>>>>>>>>>>>>>>>>>>>>>>>>>>>>>>>>>>>>> Model Evaluation Stage <<<<<<<<<<<<<<<<<<<<<<<<<<<<<<<<<<<<<<<<]
[2026-01-07 18:21:10,943: INFO: common: YAML file : config\config.yaml loaded successfully]
[2026-01-07 18:21:10,944: INFO: common: YAML file : params.yaml loaded successfully]
[2026-01-07 18:21:10,945: INFO: common: YAML file : schema.yaml loaded successfully]
[2026-01-07 18:21:10,946: INFO: common: Created directory at: artifacts]
[2026-01-07 18:21:10,946: INFO: common: Created directory at: artifacts/model_evaluation]
[2026-01-07 18:21:12,567: INFO: common: JSON file saved at: artifacts\model_evaluation\metrics.json]
[2026-01-07 18:21:29,514: INFO: model_evaluation_pipeline: >>>>>>>>>>>>>>>>>>>>>>>>>>>>>>>>>>>>>>>> Model Evaluation Stage Completed <<<<<<<<<<<<<<<<<<<<<<<<<<<<<<<<<<<<<<<<]
[2026-01-07 18:21:29,515: INFO: main: ==================== Model Evaluation Stage Completed ====================]
